%k genesis source
%O http://www.stewartonbibleschool.org/bible/text/genesis.txt

%k cproglang source
%O https://archive.org/details/TheCProgrammingLanguageFirstEdition

%k othello
%O https://shakespeare.folger.edu/shakespeares-works/othello/download/

%k english distr
%O https://gist.github.com/randallmorey/dea827d6f1c48374bdea0d2f5a320a16 
